
> ecohomepalace-platform@0.1.0 build
> prisma generate && next build

Environment variables loaded from .env
Prisma schema loaded from prisma\schema.prisma

Ô£ö Generated Prisma Client (v5.22.0) to .\node_modules\@prisma\client in 118ms

Start by importing your Prisma Client (See: https://pris.ly/d/importing-client)

Tip: Easily identify and fix slow SQL queries in your app. Optimize helps you enhance your visibility: https://pris.ly/--optimize

Ôû▓ Next.js 16.2.0 (Turbopack)
- Environments: .env

node.exe : ÔÜá The "middleware" file convention is deprecated. Please use "proxy" instead. Lea
rn more: https://nextjs.org/docs/messages/middleware-to-proxy
At C:\Program Files\nodejs\npm.ps1:29 char:3
+   & $NODE_EXE $NPM_CLI_JS $args
+   ~~~~~~~~~~~~~~~~~~~~~~~~~~~~~
    + CategoryInfo          : NotSpecified: (ÔÜá The "middle...leware-to-proxy:String) [], Re 
   moteException
    + FullyQualifiedErrorId : NativeCommandError
 
  Creating an optimized production build ...
Ô£ô Compiled successfully in 7.4s
  Running TypeScript ...
  Finished TypeScript in 9.6s ...
  Collecting page data using 7 workers ...
  Generating static pages using 7 workers (0/11) ...
  Generating static pages using 7 workers (2/11) 
Error occurred prerendering page "/board". Read more: https://nextjs.org/docs/messages/prerend
er-error
Error [PrismaClientInitializationError]: 
Invalid `prisma.lead.findMany()` invocation:


error: Environment variable not found: DATABASE_URL.
  -->  schema.prisma:7
   | 
 6 |   provider = "sqlite"
 7 |   url      = env("DATABASE_URL")
   | 

Validation Error Count: 1
    at <unknown> (-->  schema.prisma:7)
    at async n (C:\Users\Hhovh\OneDrive\Bureaublad\ecohomepalace-platform\.next\server\chunks\
ssr\app_board_013e_4k._.js:1:10625) {
  clientVersion: '5.22.0',
  errorCode: undefined,
  digest: '431539675'
}
Export encountered an error on /board/page: /board, exiting the build.
Ô¿» Next.js build worker exited with code: 1 and signal: null
